// Vitest Snapshot v1, https://vitest.dev/guide/snapshot.html

exports[`LoginView.vue > renders with the correct structure 1`] = `
<div
  class="v-row v-row--no-gutters position-relative"
>
  <div
    class="v-col-lg-12 v-col-12"
  >
    <div
      class="v-container v-locale--is-ltr"
    >
      <div
        class="d-flex align-center"
        style="min-height: calc(100vh - 148px);"
      >
        <div
          class="v-row justify-center align-content-center"
        >
          <div
            class="pt-6 pl-6 d-flex flex-column align-center"
          >
            <div
              class="v-responsive v-img v-img--booting shrink mr-1 pt-3 ml-1"
              contain=""
              style="width: 150px; opacity: 0.85;"
            >
              <div
                class="v-responsive__sizer"
              />
              
              
              <transition-stub
                appear="true"
                css="true"
                name="fade-transition"
                persisted="false"
              >
                <img
                  class="v-img__img v-img__img--contain"
                  src="/src/assets/logo.png"
                  style="display: none;"
                />
              </transition-stub>
              <transition-stub
                appear="false"
                css="true"
                name="fade-transition"
                persisted="false"
              >
                <!---->
              </transition-stub>
              <!---->
              <!---->
              <!---->
              
              
              <!---->
            </div>
            <div
              class="v-toolbar-title text-uppercase text-red"
            >
              <div
                class="v-toolbar-title__placeholder"
              >
                <!---->
                
                <strong>
                   FDMÂ  
                </strong>
                <strong>
                   Monster 
                </strong>
                
              </div>
            </div>
            <div
              class="v-toolbar-title mt-lg-6 mt-sm-5 mb-md-5"
            >
              <div
                class="v-toolbar-title__placeholder"
              >
                <!---->
                
                 Login to your account 
                
              </div>
            </div>
            <div
              class="v-card-subtitle text-grey mb-md-5"
            >
               Welcome back! Please enter your details 
            </div>
          </div>
          <div
            class="v-col-md-12 v-col-12"
          >
            <div
              class="v-card v-theme--light v-card--density-default elevation-10 v-card--variant-elevated pa-4 login-card"
              style="border-radius: 10px;"
            >
              <!---->
              <div
                class="v-card__loader"
              >
                <div
                  aria-hidden="true"
                  aria-valuemax="100"
                  aria-valuemin="0"
                  class="v-progress-linear v-theme--light v-locale--is-ltr"
                  role="progressbar"
                  style="top: 0px; height: 0px; --v-progress-linear-height: 2px;"
                >
                  <!---->
                  <div
                    class="v-progress-linear__background"
                  />
                  <div
                    class="v-progress-linear__buffer"
                    style="width: 0%;"
                  />
                  <transition-stub
                    appear="false"
                    css="true"
                    name="fade-transition"
                    persisted="false"
                  >
                    <div
                      class="v-progress-linear__indeterminate"
                    >
                      
                      <div
                        class="v-progress-linear__indeterminate long"
                      />
                      <div
                        class="v-progress-linear__indeterminate short"
                      />
                      
                    </div>
                  </transition-stub>
                  <!---->
                </div>
              </div>
              <!---->
              <!---->
              
              <div
                class="v-card-text"
              >
                <form
                  class="v-form"
                  novalidate=""
                >
                  
                  <label>
                     Username 
                  </label>
                  <div
                    class="v-input v-input--horizontal v-input--density-default v-theme--light v-locale--is-ltr v-text-field v-input--plain-underlined"
                  >
                    <div
                      class="v-input__prepend"
                    >
                      <!---->
                      <i
                        aria-hidden="true"
                        class="person mdi v-icon notranslate v-theme--light v-icon--size-default"
                      />
                    </div>
                    <div
                      class="v-input__control"
                    >
                      
                      <div
                        class="v-field v-field--variant-underlined v-theme--light v-locale--is-ltr"
                      >
                        <div
                          class="v-field__overlay"
                        />
                        <div
                          class="v-field__loader"
                        >
                          <div
                            aria-hidden="true"
                            aria-valuemax="100"
                            aria-valuemin="0"
                            class="v-progress-linear v-theme--light v-locale--is-ltr"
                            role="progressbar"
                            style="top: 0px; height: 0px; --v-progress-linear-height: 2px;"
                          >
                            <!---->
                            <div
                              class="v-progress-linear__background"
                            />
                            <div
                              class="v-progress-linear__buffer"
                              style="width: 0%;"
                            />
                            <transition-stub
                              appear="false"
                              css="true"
                              name="fade-transition"
                              persisted="false"
                            >
                              <div
                                class="v-progress-linear__indeterminate"
                              >
                                
                                <div
                                  class="v-progress-linear__indeterminate long"
                                />
                                <div
                                  class="v-progress-linear__indeterminate short"
                                />
                                
                              </div>
                            </transition-stub>
                            <!---->
                          </div>
                        </div>
                        <!---->
                        <div
                          class="v-field__field"
                          data-no-activator=""
                        >
                          <!---->
                          <label
                            class="v-label v-field-label"
                            for="input-0"
                          >
                            <!---->
                            
                            Username
                            
                          </label>
                          
                          
                          <!---->
                          <input
                            aria-describedby="input-0-messages"
                            autofocus=""
                            class="v-field__input"
                            id="input-0"
                            name="login"
                            size="1"
                            type="text"
                            value=""
                          />
                          <!---->
                          
                          
                        </div>
                        <!---->
                        <!---->
                        <div
                          class="v-field__outline"
                        >
                          <!---->
                          <label
                            aria-hidden="true"
                            class="v-label v-field-label v-field-label--floating"
                            for="input-0"
                          >
                            <!---->
                            
                            Username
                            
                          </label>
                        </div>
                      </div>
                      
                    </div>
                    <!---->
                    <div
                      class="v-input__details"
                    >
                      <transition-group-stub
                        appear="false"
                        aria-live="polite"
                        class="v-messages"
                        css="true"
                        id="input-0-messages"
                        name="slide-y-transition"
                        persisted="false"
                        role="alert"
                        tag="div"
                      >
                        <!---->
                      </transition-group-stub>
                      <!---->
                    </div>
                  </div>
                  <div
                    class="v-input v-input--horizontal v-input--density-default v-theme--light v-locale--is-ltr v-text-field v-input--plain-underlined"
                  >
                    <div
                      class="v-input__prepend"
                    >
                      <!---->
                      <i
                        aria-hidden="true"
                        class="lock mdi v-icon notranslate v-theme--light v-icon--size-default"
                      />
                    </div>
                    <div
                      class="v-input__control"
                    >
                      
                      <div
                        class="v-field v-field--appended v-field--variant-underlined v-theme--light v-locale--is-ltr"
                      >
                        <div
                          class="v-field__overlay"
                        />
                        <div
                          class="v-field__loader"
                        >
                          <div
                            aria-hidden="true"
                            aria-valuemax="100"
                            aria-valuemin="0"
                            class="v-progress-linear v-theme--light v-locale--is-ltr"
                            role="progressbar"
                            style="top: 0px; height: 0px; --v-progress-linear-height: 2px;"
                          >
                            <!---->
                            <div
                              class="v-progress-linear__background"
                            />
                            <div
                              class="v-progress-linear__buffer"
                              style="width: 0%;"
                            />
                            <transition-stub
                              appear="false"
                              css="true"
                              name="fade-transition"
                              persisted="false"
                            >
                              <div
                                class="v-progress-linear__indeterminate"
                              >
                                
                                <div
                                  class="v-progress-linear__indeterminate long"
                                />
                                <div
                                  class="v-progress-linear__indeterminate short"
                                />
                                
                              </div>
                            </transition-stub>
                            <!---->
                          </div>
                        </div>
                        <!---->
                        <div
                          class="v-field__field"
                          data-no-activator=""
                        >
                          <!---->
                          <label
                            class="v-label v-field-label"
                            for="input-2"
                          >
                            <!---->
                            
                            Password
                            
                          </label>
                          
                          
                          <!---->
                          <input
                            aria-describedby="input-2-messages"
                            class="v-field__input"
                            id="input-2"
                            name="password"
                            password=""
                            size="1"
                            type="password"
                            value=""
                          />
                          <!---->
                          
                          
                        </div>
                        <!---->
                        <div
                          class="v-field__append-inner"
                        >
                          <!---->
                          <i
                            aria-hidden="false"
                            aria-label="Password appended action"
                            class="visibility mdi v-icon notranslate v-theme--light v-icon--size-default v-icon--clickable"
                            role="button"
                            tabindex="0"
                          />
                        </div>
                        <div
                          class="v-field__outline"
                        >
                          <!---->
                          <label
                            aria-hidden="true"
                            class="v-label v-field-label v-field-label--floating"
                            for="input-2"
                          >
                            <!---->
                            
                            Password
                            
                          </label>
                        </div>
                      </div>
                      
                    </div>
                    <!---->
                    <div
                      class="v-input__details"
                    >
                      <transition-group-stub
                        appear="false"
                        aria-live="polite"
                        class="v-messages"
                        css="true"
                        id="input-2-messages"
                        name="slide-y-transition"
                        persisted="false"
                        role="alert"
                        tag="div"
                      >
                        <!---->
                      </transition-group-stub>
                      <!---->
                    </div>
                  </div>
                  <!--v-if-->
                  <!--v-if-->
                  
                </form>
              </div>
              <div
                class="v-card-actions"
              >
                
                <button
                  class="v-btn v-btn--slim v-theme--light bg-primary v-btn--density-default v-btn--variant-flat pa-4"
                  style="width: 100%;"
                  type="button"
                >
                  
                  <span
                    class="v-btn__overlay"
                  />
                  <span
                    class="v-btn__underlay"
                  />
                  
                  <!---->
                  <span
                    class="v-btn__content"
                    data-no-activator=""
                  >
                    
                    
                     Login 
                    
                    
                  </span>
                  <!---->
                  <!---->
                </button>
                
              </div>
              <div
                class="v-card-actions"
              >
                
                <button
                  class="v-btn v-btn--disabled v-btn--slim v-theme--light v-btn--density-default v-btn--variant-flat pa-4"
                  disabled=""
                  style="width: 100%;"
                  type="button"
                >
                  
                  <span
                    class="v-btn__overlay"
                  />
                  <span
                    class="v-btn__underlay"
                  />
                  
                  <!---->
                  <span
                    class="v-btn__content"
                    data-no-activator=""
                  >
                    
                    
                     Register new account (not enabled) 
                    <i
                      aria-hidden="true"
                      class="right mdi v-icon notranslate v-theme--light v-icon--size-default pl-5"
                    />
                    
                    
                  </span>
                  <!---->
                  <!---->
                </button>
                
              </div>
              
              <!---->
              
              <!---->
              <span
                class="v-card__underlay"
              />
              
            </div>
          </div>
        </div>
      </div>
    </div>
  </div>
</div>
`;
